<html>
<body>
<pre>
<h1>礦ision Build Log</h1>
<h2>Tool Versions:</h2>
IDE-Version: μVision V5.26.2.0
Copyright (C) 2018 ARM Ltd and ARM Germany GmbH. All rights reserved.
License Information: teddy teddy, guet, LIC=ATTEV-P4NGT-LC2JF-6IXIM-6PJ12-SHZLN
 
Tool Versions:
Toolchain:       MDK-ARM Plus  Version: 5.26.2.0
Toolchain Path:  C:\Keil_v5\ARM\ARMCC\Bin
C Compiler:      Armcc.exe V5.06 update 6 (build 750)
Assembler:       Armasm.exe V5.06 update 6 (build 750)
Linker/Locator:  ArmLink.exe V5.06 update 6 (build 750)
Library Manager: ArmAr.exe V5.06 update 6 (build 750)
Hex Converter:   FromElf.exe V5.06 update 6 (build 750)
CPU DLL:         SARMCM3.DLL V5.26.2.0
Dialog DLL:      DARMSTM.DLL V1.68.0.0
Target DLL:      STLink\ST-LINKIII-KEIL_SWO.dll V3.0.5.0
Dialog DLL:      TARMSTM.DLL V1.66.0.0
 
<h2>Project:</h2>
E:\Users\teddy\Keil\smartSence3\Project\RVMDK(uV4)\HelTec.uvprojx
Project File Date:  05/07/2020

<h2>Output:</h2>
*** Using Compiler 'V5.06 update 6 (build 750)', folder: 'C:\Keil_v5\ARM\ARMCC\Bin'
Rebuild target 'Template'
assembling startup_stm32f10x_hd.s...
compiling misc.c...
compiling stm32f10x_dbgmcu.c...
compiling stm32f10x_crc.c...
compiling stm32f10x_cec.c...
compiling stm32f10x_bkp.c...
compiling stm32f10x_dma.c...
compiling stm32f10x_adc.c...
compiling stm32f10x_can.c...
compiling stm32f10x_dac.c...
compiling system_stm32f10x.c...
compiling core_cm3.c...
compiling stm32f10x_exti.c...
compiling stm32f10x_flash.c...
compiling stm32f10x_gpio.c...
compiling stm32f10x_fsmc.c...
compiling stm32f10x_iwdg.c...
compiling stm32f10x_sdio.c...
compiling stm32f10x_rcc.c...
compiling stm32f10x_spi.c...
compiling stm32f10x_i2c.c...
compiling stm32f10x_usart.c...
compiling stm32f10x_tim.c...
compiling stm32f10x_pwr.c...
compiling stm32f10x_rtc.c...
compiling led.c...
compiling stm32f10x_wwdg.c...
compiling delay.c...
compiling stm32f10x_it.c...
compiling gps.c...
compiling syn6288.c...
..\..\User\syn6288.c(29): warning:  #167-D: argument of type "u8 *" is incompatible with parameter of type "const char *"
    HZ_Length = strlen(HZdata); 			//需要发送文本的长度
..\..\User\syn6288.c(51): warning:  #167-D: argument of type "u8 *" is incompatible with parameter of type "char *"
    USART_SendStr(USART1,Frame_Info, 5 + HZ_Length + 1);
..\..\User\syn6288.c(66): warning:  #167-D: argument of type "u8 *" is incompatible with parameter of type "const char *"
    Com_Len = strlen(Info_data);
..\..\User\syn6288.c(67): warning:  #167-D: argument of type "u8 *" is incompatible with parameter of type "char *"
    USART_SendStr(USART1,Info_data, Com_Len);
..\..\User\syn6288.c: 4 warnings, 0 errors
compiling touch.c...
compiling lcd.c...
..\..\User\lcd.c(878): warning:  #550-D: variable "l"  was set but never used
  	u16 k, i,j,l;
..\..\User\lcd.c: 1 warning, 0 errors
compiling main.c...
..\..\User\main.c(511): warning:  #167-D: argument of type "u8 *" is incompatible with parameter of type "const char *"
  	LCD_Disp_CnEn((LCD_WIDTH-strlen(sence_dict[pos])*8)/2,EDGE_SEC_3+SECTION_BASE/3,POINT_COLOR,BACK_COLOR,sence_dict[pos]);
..\..\User\main.c(529): warning:  #167-D: argument of type "vu8 *" is incompatible with parameter of type "u8 *"
  		LCD_Disp_BufCn(20,EDGE_SEC_1+SECTION_BASE/3,POINT_COLOR,BACK_COLOR,USART2_BUF+5,USART2_len-5);	
..\..\User\main.c(599): warning:  #167-D: argument of type "u8 *" is incompatible with parameter of type "char *restrict"
  	sprintf(FMT_BUF,"移动速度:%.3fkm/h",m_speed/1000.0);
..\..\User\main.c(611): warning:  #167-D: argument of type "u8 *" is incompatible with parameter of type "const char *"
  	len=strlen(str);
..\..\User\main.c: 4 warnings, 0 errors
compiling usart.c...
..\..\User\usart.c(272): warning:  #186-D: pointless comparison of unsigned integer with zero
  					if(USART2_BUF[5]>=0 && USART2_BUF[5]<5) 
..\..\User\usart.c: 1 warning, 0 errors
compiling timer.c...
compiling direct.c...
compiling algorithm.c...
compiling key.c...
compiling sys.c...
linking...
Program Size: Code=41162 RO-data=11106 RW-data=228 ZI-data=7388  
FromELF: creating hex file...
"..\..\Output\smartSence.axf" - 0 Error(s), 10 Warning(s).

<h2>Software Packages used:</h2>

Package Vendor: ARM
                http://www.keil.com/pack/ARM.CMSIS.5.4.0.pack
                ARM.CMSIS.5.4.0
                CMSIS (Cortex Microcontroller Software Interface Standard)
   * Component: CORE Version: 5.1.2

Package Vendor: Keil
                http://www.keil.com/pack/Keil.STM32F1xx_DFP.2.3.0.pack
                Keil.STM32F1xx_DFP.2.3.0
                STMicroelectronics STM32F1 Series Device Support, Drivers and Examples

<h2>Collection of Component include folders:</h2>
  .\RTE\_Template
  C:\Keil_v5\ARM\PACK\ARM\CMSIS\5.4.0\CMSIS\Core\Include
  C:\Keil_v5\ARM\PACK\Keil\STM32F1xx_DFP\2.3.0\Device\Include

<h2>Collection of Component Files used:</h2>

   * Component: ARM::CMSIS:CORE:5.1.2
Build Time Elapsed:  00:00:06
</pre>
</body>
</html>
